// Jest Snapshot v1, https://goo.gl/fbAQLP

exports[`Color component renders a Color 1`] = `
<dl>
  <dt>
    Name
  </dt>
  <dd>
    sky blue
    <div
      style={
        Object {
          "backgroundColor": "#87CEEB",
          "display": "inline-block",
          "height": "0.8em",
          "width": "0.8em",
        }
      }
    />
  </dd>
  <dt>
    Hex
  </dt>
  <dd>
    #87CEEB
  </dd>
  <dt>
    RGB
  </dt>
  <dd>
    Red - 
    135
  </dd>
  <dd>
    Green - 
    206
  </dd>
  <dd>
    Blue - 
    235
  </dd>
</dl>
`;
